// Jest Snapshot v1, https://goo.gl/fbAQLP

exports[`CharizardComponent Debe de hacer match con el snapshot 1`] = `
<div
  id="root1"
>
  <h1>
    Pok√©mon
  </h1>
  <h2>
    Loading...
  </h2>
  
  
  
</div>
`;
