// Jest Snapshot v1, https://goo.gl/fbAQLP

exports[`CounterComponent Debe hacer match con el snapshot 1`] = `
<div
  id="root1"
>
  <h1>
    Counter 0
  </h1>
  <hr />
  <div
    class="d-flex gap-2"
  >
    <button
      class="btn btn-primary"
    >
       +1 
    </button>
    <button
      class="btn btn-primary"
    >
       -1 
    </button>
  </div>
</div>
`;
